// Jest Snapshot v1, https://goo.gl/fbAQLP

exports[`should validate cell class 1`] = `
<div>
  <div
    class="app"
  >
    <div
      class="grid"
    >
      <div
        class="row"
      >
        <div
          class="col "
          data-testid="cell-0-0"
        />
        <div
          class="col "
          data-testid="cell-0-1"
        />
        <div
          class="col "
          data-testid="cell-0-2"
        />
        <div
          class="col "
          data-testid="cell-0-3"
        />
        <div
          class="col "
          data-testid="cell-0-4"
        />
        <div
          class="col "
          data-testid="cell-0-5"
        />
      </div>
      <div
        class="row"
      >
        <div
          class="col "
          data-testid="cell-1-0"
        />
        <div
          class="col "
          data-testid="cell-1-1"
        />
        <div
          class="col "
          data-testid="cell-1-2"
        />
        <div
          class="col "
          data-testid="cell-1-3"
        />
        <div
          class="col "
          data-testid="cell-1-4"
        />
        <div
          class="col "
          data-testid="cell-1-5"
        />
      </div>
      <div
        class="row"
      >
        <div
          class="col "
          data-testid="cell-2-0"
        />
        <div
          class="col "
          data-testid="cell-2-1"
        />
        <div
          class="col "
          data-testid="cell-2-2"
        />
        <div
          class="col "
          data-testid="cell-2-3"
        />
        <div
          class="col "
          data-testid="cell-2-4"
        />
        <div
          class="col "
          data-testid="cell-2-5"
        />
      </div>
      <div
        class="row"
      >
        <div
          class="col "
          data-testid="cell-3-0"
        />
        <div
          class="col "
          data-testid="cell-3-1"
        />
        <div
          class="col "
          data-testid="cell-3-2"
        />
        <div
          class="col "
          data-testid="cell-3-3"
        />
        <div
          class="col "
          data-testid="cell-3-4"
        />
        <div
          class="col "
          data-testid="cell-3-5"
        />
      </div>
      <div
        class="row"
      >
        <div
          class="col "
          data-testid="cell-4-0"
        />
        <div
          class="col "
          data-testid="cell-4-1"
        />
        <div
          class="col "
          data-testid="cell-4-2"
        />
        <div
          class="col "
          data-testid="cell-4-3"
        />
        <div
          class="col "
          data-testid="cell-4-4"
        />
        <div
          class="col "
          data-testid="cell-4-5"
        />
      </div>
      <div
        class="row"
      >
        <div
          class="col "
          data-testid="cell-5-0"
        />
        <div
          class="col "
          data-testid="cell-5-1"
        />
        <div
          class="col "
          data-testid="cell-5-2"
        />
        <div
          class="col "
          data-testid="cell-5-3"
        />
        <div
          class="col "
          data-testid="cell-5-4"
        />
        <div
          class="col "
          data-testid="cell-5-5"
        />
      </div>
    </div>
    <div
      class="btn-container"
    >
      <button
        class="btn next-generation-btn disable-btn "
        data-testid="nextGenBtn"
        disabled=""
      >
        Next Generation
      </button>
      <button
        class="btn reset-btn disable-btn "
        data-testid="resetBtn"
        disabled=""
      >
        Reset
      </button>
    </div>
  </div>
</div>
`;

exports[`should validate cell classes 1`] = `
<div>
  <div
    class="app"
  >
    <div
      class="grid"
    >
      <div
        class="row"
      >
        <div
          class="col "
          data-testid="cell-0-0"
        />
        <div
          class="col "
          data-testid="cell-0-1"
        />
        <div
          class="col "
          data-testid="cell-0-2"
        />
        <div
          class="col "
          data-testid="cell-0-3"
        />
        <div
          class="col "
          data-testid="cell-0-4"
        />
        <div
          class="col "
          data-testid="cell-0-5"
        />
      </div>
      <div
        class="row"
      >
        <div
          class="col "
          data-testid="cell-1-0"
        />
        <div
          class="col "
          data-testid="cell-1-1"
        />
        <div
          class="col "
          data-testid="cell-1-2"
        />
        <div
          class="col "
          data-testid="cell-1-3"
        />
        <div
          class="col "
          data-testid="cell-1-4"
        />
        <div
          class="col "
          data-testid="cell-1-5"
        />
      </div>
      <div
        class="row"
      >
        <div
          class="col "
          data-testid="cell-2-0"
        />
        <div
          class="col "
          data-testid="cell-2-1"
        />
        <div
          class="col "
          data-testid="cell-2-2"
        />
        <div
          class="col "
          data-testid="cell-2-3"
        />
        <div
          class="col "
          data-testid="cell-2-4"
        />
        <div
          class="col "
          data-testid="cell-2-5"
        />
      </div>
      <div
        class="row"
      >
        <div
          class="col "
          data-testid="cell-3-0"
        />
        <div
          class="col "
          data-testid="cell-3-1"
        />
        <div
          class="col "
          data-testid="cell-3-2"
        />
        <div
          class="col "
          data-testid="cell-3-3"
        />
        <div
          class="col "
          data-testid="cell-3-4"
        />
        <div
          class="col "
          data-testid="cell-3-5"
        />
      </div>
      <div
        class="row"
      >
        <div
          class="col "
          data-testid="cell-4-0"
        />
        <div
          class="col "
          data-testid="cell-4-1"
        />
        <div
          class="col "
          data-testid="cell-4-2"
        />
        <div
          class="col "
          data-testid="cell-4-3"
        />
        <div
          class="col "
          data-testid="cell-4-4"
        />
        <div
          class="col "
          data-testid="cell-4-5"
        />
      </div>
      <div
        class="row"
      >
        <div
          class="col "
          data-testid="cell-5-0"
        />
        <div
          class="col "
          data-testid="cell-5-1"
        />
        <div
          class="col "
          data-testid="cell-5-2"
        />
        <div
          class="col "
          data-testid="cell-5-3"
        />
        <div
          class="col "
          data-testid="cell-5-4"
        />
        <div
          class="col "
          data-testid="cell-5-5"
        />
      </div>
    </div>
    <div
      class="btn-container"
    >
      <button
        class="btn next-generation-btn disable-btn "
        data-testid="nextGenBtn"
        disabled=""
      >
        Next Generation
      </button>
      <button
        class="btn reset-btn disable-btn "
        data-testid="resetBtn"
        disabled=""
      >
        Reset
      </button>
    </div>
  </div>
</div>
`;
